[backblue.gif]
[fade.gif]
[index.html]
[www.newmystics.com/images/NewMysticsLogo072608.gif]
[www.newmystics.com/index.html]
[www.newmystics.com/simple_style.css]
[www.newmystics.com/joey/docs/jester/JKsynopsisreplacement.pdf]
[www.newmystics.com/joey/docs/jester/JK_Chapter01.pdf]
[www.newmystics.com/joey/docs/jester/JesterKnightReview_PaigeAmbroziak.pdf]
[www.newmystics.com/joey/jester-knight.html]
[www.newmystics.com/joey/images/JK_FanArt_AlyssaWoodruff_500w.gif]
[www.newmystics.com/lit.html]
[www.newmystics.com/images/link_MONUMENTAL.jpg]
[www.newmystics.com/media/CarloMyMentor.mp4.zip]
[www.newmystics.com/media/ThisChangesEverything.mp4.zip]
[www.newmystics.com/media/Crossroads.mp4.zip]
[www.newmystics.com/media/ALivingWage.m4v.zip]
[www.newmystics.com/film.html]
[www.newmystics.com/music.html]
[www.newmystics.com/visual_art.html]
[www.newmystics.com/tributes.html]
[www.newmystics.com/submissions.html]
[www.newmystics.com/images/link_actorsplayground_500wOPT.gif]
[www.newmystics.com/images/link_artsdirectory_500wOPT.jpg]
[www.newmystics.com/images/link_poetry_pacific.jpg]
[www.newmystics.com/images/link_bookbin.jpg]
[www.newmystics.com/images/link_CraigSonnenfeld_OPT.jpg]
[www.newmystics.com/images/link_davidwood.jpg]
[www.newmystics.com/images/link_downsouthjukin.gif]
[www.newmystics.com/images/link_edgarallanpoo_500wOPT.gif]
[www.newmystics.com/images/link_EspressoJoesOPT_450w.jpg]
[www.newmystics.com/images/link_jcfoundOPT.gif]
[www.newmystics.com/images/link_JoyAnderson.jpg]
[www.newmystics.com/images/link_lp-env_bw.jpg]
[www.newmystics.com/images/link_maelstrom_250wOPT.gif]
[www.newmystics.com/images/link_marbletea_500wOPT.jpg]
[www.newmystics.com/images/link_MUSEION.png]
[www.newmystics.com/images/link_noctdirge_400wOPT.jpg]
[www.newmystics.com/images/link_PatrickPorter_500wOPT.jpg]
[www.newmystics.com/images/link_screams2.gif]
[www.newmystics.com/images/link_7kquill_500wOPT.jpg]
[www.newmystics.com/images/link_vfbellecoseheader.png]
[www.newmystics.com/images/link_whitsettwall.gif]
[www.newmystics.com/images/link_worldofmyth_OPT.gif]
[www.newmystics.com/images/link_youthstages_WBG_OPT.jpg]
[www.newmystics.com/links.html]
[www.newmystics.com/images/link_yvonne_mason_400wOPT.jpg]
[www.newmystics.com/contact.html]
[www.newmystics.com/joey/simple_style.css]
[www.newmystics.com/index-2.html]
[www.newmystics.com/joey/images/stanton2017_banner.jpg]
[www.newmystics.com/joey/audio/player.swf]
[www.newmystics.com/joey/docs/stanton2017/Stanton_2017-Episode_01-Vox_Abductus.pdf]
[www.newmystics.com/joey/docs/stanton2017/Stanton_2017-Episode_02-Mary.pdf]
[www.newmystics.com/joey/docs/stanton2017/Stanton_2017-Episode_03-ANewTechnic.pdf]
[www.newmystics.com/joey/docs/stanton2017/Stanton_2017-Episode_04-VesselAndSeed.pdf]
[www.newmystics.com/joey/stanton2017.html]
[www.newmystics.com/joey/docs/stanton2017/Stanton_2017-Episode_05-SerialSanFrancisco.pdf]
[www.newmystics.com/joey/NewMysticsLogo072608.gif]
[www.newmystics.com/joey/joeym1_164wOPT.jpg]
[www.newmystics.com/joey/JoeyMadia2023bw_188h.jpg]
[www.newmystics.com/joey/docs/JoeyMADIA-EditingAndWritingServices.pdf]
[www.newmystics.com/joey/index.html]
[www.newmystics.com/joey/docs/poetry/JoeyMadia-3ChristmasPoems.pdf]
[www.newmystics.com/joey/docs/poetry/JoeyMadia-PoemForProserpines.pdf]
[www.newmystics.com/joey/docs/poetry/JoeyMadia-JukePomes.pdf]
[www.newmystics.com/joey/docs/poetry/JoeyMadia-ToMyLadyOfCloudfall.pdf]
[www.newmystics.com/joey/docs/poetry/JoeyMadia-Unpub_copy.pdf]
[www.newmystics.com/joey/poetry.html]
[www.newmystics.com/joey/docs/lit/JoeyMadia-AViewFromSpace.pdf]
[www.newmystics.com/joey/lit.html]
[www.newmystics.com/joey/docs/lit/JoeyMadia-GavinRomesInIce.pdf]
[www.newmystics.com/joey/docs/essays/JoeyMadia-aMentalDisorder.pdf]
[www.newmystics.com/joey/docs/essays/JoeyMadia-DaddyGrass.pdf]
[www.newmystics.com/joey/essays.html]
[www.newmystics.com/joey/images/mindmaps/Crone002OPT.jpg]
[www.newmystics.com/joey/images/mindmaps/map_600wOPT.gif]
[www.newmystics.com/joey/images/mindmaps/OnWords_600wOPT.gif]
[www.newmystics.com/joey/images/mindmaps/ShamanicAlchemy_600wOPT.gif]
[www.newmystics.com/joey/images/mindmaps/ShamanicMindMap_600wOPT.gif]
[www.newmystics.com/joey/mindmaps.html]
[www.newmystics.com/joey/docs/sutras/JoeyMadia-FiveSutras.pdf]
[www.newmystics.com/joey/docs/sutras/JoeyMadia-ScienceSutra.pdf]
[www.newmystics.com/joey/docs/sutras/JoeyMadia-SeathlSutra.pdf]
[www.newmystics.com/joey/docs/sutras/JoeyMadia-SepticSutra.pdf]
[www.newmystics.com/joey/docs/sutras/JoeyMadia-SoldierSutra.pdf]
[www.newmystics.com/joey/docs/sutras/JoeyMadia-SunlightSutra.pdf]
[www.newmystics.com/joey/sutras.html]
[www.newmystics.com/joey/docs/resumes/JoeyMadia-Resume2007.pdf]
[www.newmystics.com/joey/docs/resumes/JoeyMadia-CV2018.pdf]
[www.newmystics.com/joey/docs/resumes/JoeyMadia-Publist2018.pdf]
[www.newmystics.com/joey/resumes.html]
[www.newmystics.com/joey/images/joeym1_300wOPT.jpg]
[www.newmystics.com/joey/images/black_pixel5.gif]
[www.newmystics.com/joey/images/crowmak_300wOPT.jpg]
[www.newmystics.com/joey/images/joeym_436w.gif]
[www.newmystics.com/joey/images/jacknjill_250wOPT.jpg]
[www.newmystics.com/joey/images/joey_ma_250wOPT.jpg]
[www.newmystics.com/joey/images/elvesshoemaker_300wOPT.jpg]
[www.newmystics.com/joey/images/NYTGenies_400wOPT.jpg]
[www.newmystics.com/joey/images/geniesphoto_500wOPT.jpg]
[www.newmystics.com/joey/images/joeyguitar_350wOPT.jpg]
[www.newmystics.com/joey/images/Joey_August_1972_300wOPT.jpg]
[www.newmystics.com/joey/photos.html]
[www.newmystics.com/joey/media/Crossroads.mp4.html]
[www.newmystics.com/images/JK_Poster_401_OPT.jpg]
[www.newmystics.com/news.html]
[www.newmystics.com/images/JonelAbellanosa.jpg]
[www.newmystics.com/documents/JonelAbellanosa-LuisChapter1ofNovel.pdf]
[www.newmystics.com/documents/JonelAbellanosa-Eight Poems.pdf]
[www.newmystics.com/lit/JonelAbellanosa.html]
[www.newmystics.com/images/Alice_300w_2025OPT.jpg]
[www.newmystics.com/documents/Alice-10Poems.pdf]
[www.newmystics.com/lit/Alice.html]
[www.newmystics.com/images/RobertAnthony_300w.jpg]
[www.newmystics.com/documents/RobertAnthony-Poetry.pdf]
[www.newmystics.com/lit/RobertAnthony.html]
[www.newmystics.com/images/JohnAtkinson.jpg]
[www.newmystics.com/documents/JohnAtkinson-OnceUponAChristmas.pdf]
[www.newmystics.com/documents/JohnAtkinson-UnspeakableBuggyRide.pdf]
[www.newmystics.com/documents/JohnAtkinson-MamasBouquet.pdf]
[www.newmystics.com/documents/JohnAtkinson-VoodooMan.pdf]
[www.newmystics.com/documents/JohnAtkinson-OleRuthAndTheRunawayPiano.pdf]
[www.newmystics.com/documents/JohnAtkinson-TrueActOfKindness.pdf]
[www.newmystics.com/lit/JohnAtkinson.html]
[www.newmystics.com/documents/JMAvril-PoemsForAugust.pdf]
[www.newmystics.com/documents/JMAvril-MadnessEssay.pdf]
[www.newmystics.com/documents/JMAvril-SongsOfSilverGirl.pdf]
[www.newmystics.com/documents/JMAvril-THE_SEVENTH_DEATH.pdf]
[www.newmystics.com/documents/JMAvril-Prose2018.pdf]
[www.newmystics.com/documents/JMAvril-SixPoems.pdf]
[www.newmystics.com/documents/JMAvril-6ShortStories.pdf]
[www.newmystics.com/documents/JMAvril-AquariusFragments.pdf]
[www.newmystics.com/documents/JMAvril-SectsAndCults.pdf]
[www.newmystics.com/documents/JMAvril-ProsePoems.pdf]
[www.newmystics.com/documents/JMAvril-ThreeStories2.pdf]
[www.newmystics.com/documents/JMAvril-7Poems.pdf]
[www.newmystics.com/documents/JMAvril-9poems.pdf]
[www.newmystics.com/documents/JMAvril-ThreeWorks.pdf]
[www.newmystics.com/documents/JMAvril-ThreeStories.pdf]
[www.newmystics.com/documents/JMAvril-ThreeShortStories.pdf]
[www.newmystics.com/documents/JMAvril-FourShortStories.pdf]
[www.newmystics.com/documents/JMAvril-UsFirst03.pdf]
[www.newmystics.com/documents/JMAvril-UsFirst02.pdf]
[www.newmystics.com/documents/JMAvril-UsFirst01.pdf]
[www.newmystics.com/documents/JMAvril-KingOfTerrorPart1.pdf]
[www.newmystics.com/documents/JMAvril-KingOfTerrorPart2.pdf]
[www.newmystics.com/documents/JMAvril-KingOfTerrorPart3.pdf]
[www.newmystics.com/documents/JMAvril-KingOfTerrorPart4.pdf]
[www.newmystics.com/documents/JMAvril-KingOfTerrorPart5.pdf]
[www.newmystics.com/documents/JMAvril-KingOfTerrorPart6.pdf]
[www.newmystics.com/documents/JMAvril-KingOfTerrorSynopsis.pdf]
[www.newmystics.com/documents/JMAvril-TalesOfAnarchy3.pdf]
[www.newmystics.com/documents/JMAvril-TalesOfAnarchy2.pdf]
[www.newmystics.com/documents/JMAvril-TalesOfAnarchy.pdf]
[www.newmystics.com/documents/JMAvril-SILVERGIRL01.pdf]
[www.newmystics.com/documents/JMAvril-SILVERGIRL02.pdf]
[www.newmystics.com/documents/JMAvril-SILVERGIRL03.pdf]
[www.newmystics.com/lit/JeanMarieAvril.html]
[www.newmystics.com/images/EdBaker.jpg]
[www.newmystics.com/images/EdBaker-inthiswind01_OPT.jpg]
[www.newmystics.com/images/EdBaker-RestPmscvr01_OPT.jpg]
[www.newmystics.com/images/EdBaker-moonset_350wOPT.jpg]
[www.newmystics.com/documents/EdBaker-HEXAPOEMS_II.pdf]
[www.newmystics.com/documents/EdBaker-Neighbors1.pdf]
[www.newmystics.com/documents/EdBaker-Neighbors2.pdf]
[www.newmystics.com/documents/EdBaker-Neighbors3.pdf]
[www.newmystics.com/documents/EdBaker-Neighbors4.pdf]
[www.newmystics.com/documents/EdBaker-Neighbors5.pdf]
[www.newmystics.com/documents/EdBaker-Neighbors6.pdf]
[www.newmystics.com/lit/EdBaker.html]
[www.newmystics.com/images/LanaBella.jpg]
[www.newmystics.com/lit/LanaBella.html]
[www.newmystics.com/documents/LanaBella-Poems.pdf]
[www.newmystics.com/images/VolodymyrBilyk_300w.jpg]
[www.newmystics.com/documents/VolodymyrBilyk-Poems.pdf]
[www.newmystics.com/images/Bil-Sabib_SYMBOLS_LINES_01.jpg]
[www.newmystics.com/images/Bil-Sabib_SYMBOLS_LINES_02.jpg]
[www.newmystics.com/images/Bil-Sabib_SYMBOLS_LINES_03.jpg]
[www.newmystics.com/images/Bil-Sabib_SYMBOLS_LINES_04.jpg]
[www.newmystics.com/images/Bil-Sabib_SYMBOLS_LINES_05.jpg]
[www.newmystics.com/images/Bil-Sabib_SYMBOLS_LINES_06.jpg]
[www.newmystics.com/images/Bil-Sabib_SYMBOLS_LINES_07.jpg]
[www.newmystics.com/images/Bil-Sabib_SYMBOLS_LINES_08.jpg]
[www.newmystics.com/images/Bil-Sabib_SYMBOLS_LINES_09.jpg]
[www.newmystics.com/images/Bil-Sabib_SYMBOLS_LINES_10.jpg]
[www.newmystics.com/lit/VolodymyrBilyk.html]
[www.newmystics.com/documents/MarinaBoccuzzi-GreyWidow.pdf]
[www.newmystics.com/documents/MarinaBoccuzzi-LoreleiKiss.pdf]
[www.newmystics.com/lit/MarinaBoccuzzi.html]
[www.newmystics.com/images/LouisBourgeois_OPT.jpg]
[www.newmystics.com/documents/LouisBourgeois-3Poems.pdf]
[www.newmystics.com/documents/LouisBourgeois-Poems.pdf]
[www.newmystics.com/lit/LouisBourgeois.html]
[www.newmystics.com/images/MichelleBowser.jpg]
[www.newmystics.com/documents/MichelleBowser-JebsDilemma.pdf]
[www.newmystics.com/lit/MichelleBowser.html]
[www.newmystics.com/images/AlanBritt.jpg]
[www.newmystics.com/documents/AlanBritt-Poems2.pdf]
[www.newmystics.com/documents/AlanBritt-Poems.pdf]
[www.newmystics.com/lit/AlanBritt.html]
[www.newmystics.com/images/SalButtaci_300wOPT.jpg]
[www.newmystics.com/documents/SalvatoreButtaci-BREW.pdf]
[www.newmystics.com/documents/SalvatoreButtaci-Poems.pdf]
[www.newmystics.com/lit/SalvatoreButtaci.html]
[www.newmystics.com/images/DanCardoza_300w.jpg]
[www.newmystics.com/documents/DanCardoza-Tyger.pdf]
[www.newmystics.com/lit/DanCardoza.html]
[www.newmystics.com/images/RicCarfagna1_OPT.jpg]
[www.newmystics.com/images/RicCarfagna-FractusCorpus-cover_300wOPT.jpg]
[www.newmystics.com/documents/RicCarfagna-FractusCorpus1-20.pdf]
[www.newmystics.com/documents/SteveDalachinsky-Boyking.pdf]
[www.newmystics.com/documents/RicCarfagna-FractusCorpus21-40.pdf]
[www.newmystics.com/documents/RicCarfagna-FractusCorpus41-50.pdf]
[www.newmystics.com/documents/SteveDalachinsky-pomes.pdf]
[www.newmystics.com/documents/RicCarfagna-FractusCorpus51-70.pdf]
[www.newmystics.com/documents/RicCarfagna-NomadicOntologies-edit1.pdf]
[www.newmystics.com/documents/RicCarfagna-NomadicOntologies-edit2.pdf]
[www.newmystics.com/documents/RicCarfagna-NomadicOntologies-edit3.pdf]
[www.newmystics.com/documents/RicCarfagna-RaviShankar.pdf]
[www.newmystics.com/documents/RicCarfagna-JoeyMadia.pdf]
[www.newmystics.com/documents/RicCarfagna-JacquesRoubaud.pdf]
[www.newmystics.com/lit/RicCarfagna.html]
[www.newmystics.com/images/MicahCavaleri_375wOPT.jpg]
[www.newmystics.com/lit/MicahCavaleri.html]
[www.newmystics.com/documents/MicahCavaleri-Poems.pdf]
[www.newmystics.com/images/YuanChangming.jpg]
[www.newmystics.com/lit/YuanChangming.html]
[www.newmystics.com/documents/YuanChangming-Poems.pdf]
[www.newmystics.com/images/BetsyChapman_400w.jpg]
[www.newmystics.com/lit/BetsyChapman.html]
[www.newmystics.com/documents/BetsyChapman-3Poems.pdf]
[www.newmystics.com/images/NatalieCrick_400w.jpg]
[www.newmystics.com/documents/NatalieCrick-Poems.pdf]
[www.newmystics.com/lit/NatalieCrick.html]
[www.newmystics.com/images/Dah.jpg]
[www.newmystics.com/documents/Dah-Balance_7poems.pdf]
[www.newmystics.com/documents/Dah-10Poems.pdf]
[www.newmystics.com/documents/Dah-WeTurnIntoEarth.pdf]
[www.newmystics.com/lit/Dah.html]
[www.newmystics.com/images/SteveDalachinsky_300wOPT.jpg]
[www.newmystics.com/documents/SteveDalachinsky-FoolsGold.pdf]
[www.newmystics.com/images/SteveDalachinsky-Image01.jpg]
[www.newmystics.com/images/SteveDalachinsky-Image02.jpg]
[www.newmystics.com/documents/SteveDalachinsky-EroticPoems.pdf]
[www.newmystics.com/documents/SteveDalachinsky-EvanStonePoemsPart1.pdf]
[www.newmystics.com/documents/SteveDalachinsky-pomes2009b.pdf]
[www.newmystics.com/documents/SteveDalachinsky-2matts.pdf]
[www.newmystics.com/documents/SteveDalachinsky-Sheaves.pdf]
[www.newmystics.com/documents/SteveDalachinsky-pomes2009a.pdf]
[www.newmystics.com/lit/SteveDalachinsky.html]
[www.newmystics.com/images/VernonFrazer.jpg]
[www.newmystics.com/documents/VernonFrazer-Endgaming.pdf]
[www.newmystics.com/documents/VernonFrazer-WhettingNight.pdf]
[www.newmystics.com/documents/VernonFrazer-PastLarvalHarvest.pdf]
[www.newmystics.com/documents/VernonFrazer-CXXXIX.pdf]
[www.newmystics.com/documents/VernonFrazer-DiscoveriesoftheDamned.pdf]
[www.newmystics.com/documents/VernonFrazer-FurtivePleasures.pdf]
[www.newmystics.com/documents/VernonFrazer-MythingSisyphus.pdf]
[www.newmystics.com/documents/VernonFrazer-NightatLiberty.pdf]
[www.newmystics.com/lit/VernonFrazer.html]
[www.newmystics.com/images/AmitabhVikramDwivedi.jpg]
[www.newmystics.com/documents/AmitabhVikramDwivedi-Poems..pdf]
[www.newmystics.com/lit/AmitabhVikramDwivedi.html]
[www.newmystics.com/images/TonyaEberhard.jpg]
[www.newmystics.com/documents/TonyaEberhard-Poems.pdf]
[www.newmystics.com/lit/TonyaEberhard.html]
[www.newmystics.com/images/NeilEllman_OPT.jpg]
[www.newmystics.com/documents/NeilEllman-EightMorePoems.pdf]
[www.newmystics.com/documents/NeilEllman-Poems2.pdf]
[www.newmystics.com/documents/NeilEllman-PoemsByNeilEllman.pdf]
[www.newmystics.com/documents/NeilEllman-EightEkphrasticPoems.pdf]
[www.newmystics.com/documents/NeilEllman-TenPoems.pdf]
[www.newmystics.com/documents/NeilEllman-EightPoems.pdf]
[www.newmystics.com/documents/NeilEllman-Poems.pdf]
[www.newmystics.com/lit/NeilEllman.html]
[www.newmystics.com/images/GeorgeJFarrah.jpg]
[www.newmystics.com/documents/GeorgeJFarrah-Poems.pdf]
[www.newmystics.com/lit/GeorgeJFarrah.html]
[www.newmystics.com/documents/DanielForbes-OdetoBarrySutton.pdf]
[www.newmystics.com/lit/DanielForbes.html]
[www.newmystics.com/images/John_Gartland_photo.jpg]
[www.newmystics.com/documents/JohnGartland-FourPoems.pdf]
[www.newmystics.com/documents/JohnGartland-Poems1.pdf]
[www.newmystics.com/documents/JohnGartland-Poems2.pdf]
[www.newmystics.com/documents/JohnGartland-Poems3.pdf]
[www.newmystics.com/documents/JohnGartland-Poems4.pdf]
[www.newmystics.com/lit/JohnGartland.html]
[www.newmystics.com/documents/TimGaze-decalc_1.gif]
[www.newmystics.com/documents/TimGaze-decalc_2.gif]
[www.newmystics.com/lit/TimGaze.html]
[www.newmystics.com/images/DanielGillespie.jpg]
[www.newmystics.com/documents/DanielGillespie-Poems.pdf]
[www.newmystics.com/lit/DanielGillespie.html]
[www.newmystics.com/images/MichaelGraber_258.jpg]
[www.newmystics.com/documents/MichaelGraber-Poems.pdf]
[www.newmystics.com/lit/MichaelGraber.html]
[www.newmystics.com/images/AllisonGrayhurst2016.jpg]
[www.newmystics.com/documents/AllisonGrayhurst-9Poems.pdf]
[www.newmystics.com/documents/AllisonGrayhurst-Poems5.pdf]
[www.newmystics.com/documents/AllisonGrayhurst-Poems4.pdf]
[www.newmystics.com/documents/AllisonGrayhurst-Poems3.pdf]
[www.newmystics.com/documents/AllisonGrayhurst-Poems2.pdf]
[www.newmystics.com/documents/AllisonGrayhurst-Poems.pdf]
[www.newmystics.com/documents/AllisonGrayhurst-Poetry.pdf]
[www.newmystics.com/lit/AllisonGrayhurst.html]
[www.newmystics.com/images/JimHanafan.jpg]
[www.newmystics.com/documents/JimHanafan-6Poems.pdf]
[www.newmystics.com/lit/JimHanafan.html]
[www.newmystics.com/images/DanielYHarris_300w.jpg]
[www.newmystics.com/documents/DanielYHarris-NewPoems.pdf]
[www.newmystics.com/lit/DanielYHarris.html]
[www.newmystics.com/documents/DanielYHarris-Poetry.pdf]
[www.newmystics.com/documents/JJHastain-Poems.pdf]
[www.newmystics.com/lit/JJHastain.html]
[www.newmystics.com/documents/DanHedges-Poems.pdf]
[www.newmystics.com/lit/DanHedges.html]
[www.newmystics.com/images/KevinHibshman.jpg]
[www.newmystics.com/lit/KevinHibshman.html]
[www.newmystics.com/documents/KevinHibshman-Poems.pdf]
[www.newmystics.com/images/EricHoffman.jpg]
[www.newmystics.com/documents/EricHoffman-Poems.pdf]
[www.newmystics.com/lit/EricHoffman.html]
[www.newmystics.com/images/MarkHusk.jpg]
[www.newmystics.com/documents/MarkHusk-Travels6.pdf]
[www.newmystics.com/documents/MarkHusk-Travels5.pdf]
[www.newmystics.com/documents/MarkHusk-Travels4.pdf]
[www.newmystics.com/documents/MarkHusk-Travels3.pdf]
[www.newmystics.com/documents/MarkHusk-Travels2.pdf]
[www.newmystics.com/documents/MarkHusk-Travels1.pdf]
[www.newmystics.com/documents/MarkHusk-RantsHumor.pdf]
[www.newmystics.com/documents/MarkHusk-RantsPolitical.pdf]
[www.newmystics.com/documents/MarkHusk-RantsPsychogical.pdf]
[www.newmystics.com/lit/MarkHusk.html]
[www.newmystics.com/images/ColinJames.jpg]
[www.newmystics.com/documents/ColinJames-Poems2.pdf]
[www.newmystics.com/documents/ColinJames-Poems1.pdf]
[www.newmystics.com/lit/ColinJames.html]
[www.newmystics.com/documents/JasonWJohnson-NewPoems.pdf]
[www.newmystics.com/lit/JasonWJohnson.html]
[www.newmystics.com/documents/JasonWJohnson-Poems1.pdf]
[www.newmystics.com/documents/MeredithKahn-CriesInNight.pdf]
[www.newmystics.com/lit/MeredithKahn.html]
[www.newmystics.com/images/Kahn-Cries_OPT.jpg]
[www.newmystics.com/images/MarymcloudKasimor_300wOPT.jpg]
[www.newmystics.com/documents/MaryKasimor-Poems.pdf]
[www.newmystics.com/lit/MaryKasimor.html]
[www.newmystics.com/images/RusKhomutoff.jpg]
[www.newmystics.com/images/RusKhomutoff-MasterOfMeaning_OPT600w.png]
[www.newmystics.com/images/RusKhomutoff-MasterOfMeaning_OPT150w.png]
[www.newmystics.com/documents/RusKhomutoff-Poems2.pdf]
[www.newmystics.com/documents/RusKhomutoff-Poems.pdf]
[www.newmystics.com/lit/RusKhomutoff.html]
[www.newmystics.com/images/IreneKoronas.jpg]
[www.newmystics.com/lit/IreneKoronas.html]
[www.newmystics.com/documents/IreneKoronas-Poems.pdf]
[www.newmystics.com/documents/GeorgeLennon-AridArtifact.pdf]
[www.newmystics.com/documents/GeorgeLennon-DrowningMan.pdf]
[www.newmystics.com/documents/GeorgeLennon-FallingApart.pdf]
[www.newmystics.com/documents/GeorgeLennon-ForestOfDarkness.pdf]
[www.newmystics.com/documents/GeorgeLennon-Leaves.pdf]
[www.newmystics.com/documents/GeorgeLennon-Lost.pdf]
[www.newmystics.com/documents/GeorgeLennon-Pockets.pdf]
[www.newmystics.com/documents/GeorgeLennon-Poems1.pdf]
[www.newmystics.com/documents/GeorgeLennon-Poems2.pdf]
[www.newmystics.com/documents/GeorgeLennon-Poems3.pdf]
[www.newmystics.com/documents/GeorgeLennon-Rain.pdf]
[www.newmystics.com/documents/GeorgeLennon-UnreachableEyes.pdf]
[www.newmystics.com/documents/GeorgeLennon-Waking.pdf]
[www.newmystics.com/documents/GeorgeLennon-WhatDoIDoWithThis.pdf]
[www.newmystics.com/lit/GeorgeLennon.html]
[www.newmystics.com/images/HellerLevinson.jpg]
[www.newmystics.com/images/HellerLevinson-WrackLariatCover.jpg]
[www.newmystics.com/documents/HellerLevinson-Poems.pdf]
[www.newmystics.com/lit/HellerLevinson.html]
[www.newmystics.com/images/CarlLindquist.jpg]
[www.newmystics.com/documents/CarlLindquist-Poems2.pdf]
[www.newmystics.com/documents/CarlLindquist-Poems.pdf]
[www.newmystics.com/lit/CarlLindquist.html]
[www.newmystics.com/images/DuaneLocke2.jpg]
[www.newmystics.com/images/DuaneLocke-MysticForest.jpg]
[www.newmystics.com/images/DuaneLocke-Photo.jpg]
[www.newmystics.com/documents/DuaneLocke-Poems.pdf]
[www.newmystics.com/documents/DuaneLocke-TerrestrialIllumination2.pdf]
[www.newmystics.com/documents/DuaneLocke-TerrestrialIllumination.pdf]
[www.newmystics.com/lit/DuaneLocke.html]
[www.newmystics.com/images/RupertLoydell.png]
[www.newmystics.com/images/RupertLoydell-Return_of_Man_cover.jpg]
[www.newmystics.com/documents/RupertLoydell-Poems.pdf]
[www.newmystics.com/lit/RupertLoydell.html]
[www.newmystics.com/images/bobbylurie.jpg]
[www.newmystics.com/lit/BobbiLurie.html]
[www.newmystics.com/documents/BobbiLurie-Poems.pdf]
[www.newmystics.com/images/tonya_tree_300wOPT.jpg]
[www.newmystics.com/documents/TonyaMadia-TheDream.pdf]
[www.newmystics.com/documents/TonyaMadia-GoodbyeAgain.pdf]
[www.newmystics.com/documents/TonyaMadia-Alice.pdf]
[www.newmystics.com/documents/TonyaMadia-BeautyIsYourName.pdf]
[www.newmystics.com/documents/TonyaMadia-MaryRose.pdf]
[www.newmystics.com/documents/TonyaMadia-NearyQuinn.pdf]
[www.newmystics.com/lit/TonyaMadia.html]
[www.newmystics.com/images/RickMai01_OPT.jpg]
[www.newmystics.com/documents/RickMai-Poetry.pdf]
[www.newmystics.com/documents/RickMai-MorePoetry.pdf]
[www.newmystics.com/documents/RickMai-NewPoems.pdf]
[www.newmystics.com/lit/RickMai.html]
[www.newmystics.com/images/JHMartin_300w.jpg]
[www.newmystics.com/lit/JHMartin.html]
[www.newmystics.com/documents/JHMartin-8Poems.pdf]
[www.newmystics.com/images/JoshuaMartin_300w.jpg]
[www.newmystics.com/documents/JoshuaMartin-Poems2.pdf]
[www.newmystics.com/documents/JoshuaMartin-Poems.pdf]
[www.newmystics.com/lit/JoshuaMartin.html]
[www.newmystics.com/images/MikeMcNamara.jpg]
[www.newmystics.com/lit/MikeMcNamara.html]
[www.newmystics.com/documents/MikeMcNamara-Poems.pdf]
[www.newmystics.com/images/JimMeirose.jpg]
[www.newmystics.com/documents/JimMeirose-TwoPieces.pdf]
[www.newmystics.com/lit/JimMeirose.html]
[www.newmystics.com/images/JoeMilford.jpg]
[www.newmystics.com/documents/JoeMilford-Poetry.pdf]
[www.newmystics.com/lit/JoeMilford.html]
[www.newmystics.com/images/TomMontag.jpg]
[www.newmystics.com/documents/TomMontag-Poems.pdf]
[www.newmystics.com/lit/TomMontag.html]
[www.newmystics.com/images/ChrisMoran_300w.jpg]
[www.newmystics.com/lit/ChrisMoran.html]
[www.newmystics.com/documents/ChrisMoran-EightPoems.pdf]
[www.newmystics.com/images/ASamMore_300w.jpg]
[www.newmystics.com/documents/ASamMore-5Pieces.pdf]
[www.newmystics.com/lit/ASamMore.html]
[www.newmystics.com/images/CameronMorse.jpg]
[www.newmystics.com/lit/CameronMorse.html]
[www.newmystics.com/documents/CameronMorse-Poems.pdf]
[www.newmystics.com/images/RaymondNeelyOPT.jpg]
[www.newmystics.com/documents/RaymondNeely-CainPoems.pdf]
[www.newmystics.com/lit/RaymondNeely.html]
[www.newmystics.com/images/JalNicholl_300w.jpg]
[www.newmystics.com/documents/JalNicholl-Poems.pdf]
[www.newmystics.com/lit/JalNicholl.html]
[www.newmystics.com/images/YukoOtomo_300WOPT.jpg]
[www.newmystics.com/documents/YukoOtomo-Poems.pdf]
[www.newmystics.com/documents/YukoOtomo-Sunday_Afternoon_on_Isle_of_Museum.pdf]
[www.newmystics.com/lit/YukoOtomo.html]
[www.newmystics.com/images/ScottThomasOutlar.jpg]
[www.newmystics.com/documents/ScottThomasOutlar-Poems.pdf]
[www.newmystics.com/lit/ScottThomasOutlar.html]
[www.newmystics.com/documents/NickPendleton-Trees1.pdf]
[www.newmystics.com/documents/NickPendleton-Trees2.pdf]
[www.newmystics.com/lit/NickPendleton.html]
[www.newmystics.com/documents/NickPendleton-Trees3.pdf]
[www.newmystics.com/documents/CalvinPennix-Poems.pdf]
[www.newmystics.com/lit/CalvinPennix.html]
[www.newmystics.com/images/DevenPhilbrick_300w.jpg]
[www.newmystics.com/documents/DevenPhilbrick-Four_More_Poems.pdf]
[www.newmystics.com/lit/DevenPhilbrick.html]
[www.newmystics.com/documents/DevenPhilbrick-4Poems.pdf]
[www.newmystics.com/documents/RobertPomerhn-ArtaudsAgony.jpg]
[www.newmystics.com/documents/RobertPomerhn-GilligansIsle.jpg]
[www.newmystics.com/documents/RobertPomerhn-HouseOfSevenGables.jpg]
[www.newmystics.com/documents/RobertPomerhn-MarcoPolo.jpg]
[www.newmystics.com/documents/RobertPomerhn-RichardTheLionHearted.jpg]
[www.newmystics.com/documents/RobertPomerhn-WokeUpGloomy.jpg]
[www.newmystics.com/documents/RobertPomerhn-Review.pdf]
[www.newmystics.com/lit/RobertPomerhn.html]
[www.newmystics.com/images/PatrickPorter_300wOPT.jpg]
[www.newmystics.com/images/PatrickPorter_flowers16_ORIG.gif]
[www.newmystics.com/documents/PatrickPorter-Pomes.pdf]
[www.newmystics.com/lit/PatrickPorter.html]
[www.newmystics.com/images/TylerSPruett_300w.jpg]
[www.newmystics.com/documents/TylerSPruett-Gentle_Amoghasiddhi.pdf]
[www.newmystics.com/lit/TylerSPruett.html]
[www.newmystics.com/images/CalebPuckett.jpg]
[www.newmystics.com/documents/CalebPuckett-Poems.pdf]
[www.newmystics.com/lit/CalebPuckett.html]
[www.newmystics.com/images/RehanQayoom_300w.jpg]
[www.newmystics.com/lit/RehanQayoom.html]
[www.newmystics.com/documents/RehanQayoom-Poems.pdf]
[www.newmystics.com/documents/DanRaphael-Poems.pdf]
[www.newmystics.com/lit/DanRaphael.html]
[www.newmystics.com/images/ChuckRegan_300wOPT.jpg]
[www.newmystics.com/images/ChuckRegan-Frosmer_cdr_fi_OPT.gif]
[www.newmystics.com/documents/ChuckRegan-LittleAgonyC06.pdf]
[www.newmystics.com/documents/ChuckRegan-JestersBliss1.pdf]
[www.newmystics.com/documents/ChuckRegan-JestersBliss2.pdf]
[www.newmystics.com/lit/ChuckRegan.html]
[www.newmystics.com/images/RonRiekki_300w.jpg]
[www.newmystics.com/documents/RonRiekki-AmbulanceWitch.pdf]
[www.newmystics.com/lit/RonRiekki.html]
[www.newmystics.com/images/MarkAntonyRossi.jpg]
[www.newmystics.com/documents/MarkAntonyRossi-Poems.pdf]
[www.newmystics.com/lit/MarkAntonyRossi.html]
[www.newmystics.com/images/MarkAntonyRossi-Politicrossicover.jpg]
[www.newmystics.com/documents/HeatherRomayo-Poems2.pdf]
[www.newmystics.com/documents/HeatherRomayo-Poems.pdf]
[www.newmystics.com/lit/HeatherRomayo.html]
[www.newmystics.com/documents/AmandaSaile-Poems.pdf]
[www.newmystics.com/lit/AmandaSaile.html]
[www.newmystics.com/images/JoSalmon.jpg]
[www.newmystics.com/documents/JoSalmon-Poems2.pdf]
[www.newmystics.com/documents/JoSalmon-MorePoems2.pdf]
[www.newmystics.com/documents/JoSalmon-IDo.pdf]
[www.newmystics.com/documents/JoSalmon-5Poems.pdf]
[www.newmystics.com/documents/JoSalmon-MAZEMARKET.pdf]
[www.newmystics.com/documents/JoSalmon-MorePoems.pdf]
[www.newmystics.com/documents/JoSalmon-ThreeShortPieces.pdf]
[www.newmystics.com/documents/JoSalmon-FourShortPieces.pdf]
[www.newmystics.com/documents/JoSalmon-ThreeShortWorks.pdf]
[www.newmystics.com/documents/JoSalmon-Poems.pdf]
[www.newmystics.com/lit/JoSalmon.html]
[www.newmystics.com/images/BobSatterfield.jpg]
[www.newmystics.com/documents/BobSatterfield-PoesDoorway.pdf]
[www.newmystics.com/lit/BobSatterfield.html]
[www.newmystics.com/images/SanjeevSethi.jpg]
[www.newmystics.com/documents/SanjeevSethi-Poems.pdf]
[www.newmystics.com/lit/SanjeevSethi.html]
[www.newmystics.com/images/MelissaSillitoe.jpg]
[www.newmystics.com/documents/MelissaSillitoe-YourEyesFirst.pdf]
[www.newmystics.com/lit/MelissaSillitoe.html]
[www.newmystics.com/images/COSmith-Alecto2008_OPT.jpg]
[www.newmystics.com/documents/COSmith-ClaireSmithPoems2.pdf]
[www.newmystics.com/documents/COSmith-3Poems.pdf]
[www.newmystics.com/documents/COSmith-RamblingRoze.pdf]
[www.newmystics.com/documents/COSmith-StGeorgeAndTheCockatrice.pdf]
[www.newmystics.com/documents/COSmith-FieldOfFlowers.pdf]
[www.newmystics.com/documents/COSmith-SevenSticks.pdf]
[www.newmystics.com/documents/COSmith-Celebration.pdf]
[www.newmystics.com/documents/COSmith-ClaireSmithpoems.pdf]
[www.newmystics.com/documents/COSmith-WestBarrowPoems.pdf]
[www.newmystics.com/documents/COSmith-Alecto.pdf]
[www.newmystics.com/documents/COSmith-Armadillo.pdf]
[www.newmystics.com/documents/COSmith-Bats.pdf]
[www.newmystics.com/documents/COSmith-GoodnightEarthman.pdf]
[www.newmystics.com/lit/COSmith.html]
[www.newmystics.com/documents/RyanSmith-AFridayNight.pdf]
[www.newmystics.com/documents/RyanSmith-BathroomTableau.pdf]
[www.newmystics.com/documents/RyanSmith-BeginningWith.pdf]
[www.newmystics.com/documents/RyanSmith-Breaking.pdf]
[www.newmystics.com/lit/RyanSmith.html]
[www.newmystics.com/documents/RyanSmith-PerspectivePoem.pdf]
[www.newmystics.com/images/MarkSonnenfeld_300wOPT.jpg]
[www.newmystics.com/documents/MarcSonnenfeld-RealGoodBeats.jpg]
[www.newmystics.com/documents/MarcSonnenfeld-Rememboids.jpg]
[www.newmystics.com/lit/MarkSonnenfeld.html]
[www.newmystics.com/documents/MarcSonnenfeld-Scene.jpg]
[www.newmystics.com/images/FelinoSoriano_OPT.jpg]
[www.newmystics.com/documents/FelinoSoriano-fromThisHowMySpeakingMoves.pdf]
[www.newmystics.com/documents/FelinoSoriano-FromFragmentedOlio.pdf]
[www.newmystics.com/documents/FelinoSoriano-QuintetDialoguesExcerpt.pdf]
[www.newmystics.com/documents/FelinoSoriano-Poetry.pdf]
[www.newmystics.com/documents/FelinoSoriano-Poetry2.pdf]
[www.newmystics.com/documents/FelinoSoriano-Poetry3.pdf]
[www.newmystics.com/documents/FelinoSoriano-Poetry4.pdf]
[www.newmystics.com/documents/FelinoSoriano-PoemsFromConfirmations.pdf]
[www.newmystics.com/documents/FelinoSoriano-Poetry5.pdf]
[www.newmystics.com/documents/FelinoSoriano-Poetry6.pdf]
[www.newmystics.com/documents/FelinoSoriano-Poetry7.pdf]
[www.newmystics.com/documents/FelinoSoriano-Poetry8.pdf]
[www.newmystics.com/lit/FelinoSoriano.html]
[www.newmystics.com/images/FionaSze-LorrainOPT.jpg]
[www.newmystics.com/images/FionaSze-Lorrain-WaterMoon.jpg]
[www.newmystics.com/documents/FionaSze-Lorrain-Karma.pdf]
[www.newmystics.com/lit/FionaSze-Lorrain.html]
[www.newmystics.com/documents/EileenTabios-MiscPoems01.pdf]
[www.newmystics.com/lit/EileenTabios.html]
[www.newmystics.com/documents/Tayumanavar-Poetry.pdf]
[www.newmystics.com/lit/Tayumanavar.html]
[www.newmystics.com/documents/JoeyWest-3Songs.pdf]
[www.newmystics.com/lit/JoeyWest.html]
[www.newmystics.com/images/MeeahWilliams.jpg]
[www.newmystics.com/lit/MeeahWilliams.html]
[www.newmystics.com/documents/MeeahWilliams-Poems.pdf]
[www.newmystics.com/images/GarethWriter-Davies_400wOPT.jpg]
[www.newmystics.com/documents/GarethWriterDavies-Poems2.pdf]
[www.newmystics.com/documents/GarethWriterDavies-Poems.pdf]
[www.newmystics.com/lit/GarethWriter-Davies.html]
[www.newmystics.com/documents/WilliamWyant-SilentWatchmanPrologue.pdf]
[www.newmystics.com/documents/WilliamWyant-SilentWatchmanPart1.pdf]
[www.newmystics.com/documents/WilliamWyant-SilentWatchmanPart2.pdf]
[www.newmystics.com/documents/WilliamWyant-SilentWatchmanPart3.pdf]
[www.newmystics.com/documents/WilliamWyant-SilentWatchmanPart4.pdf]
[www.newmystics.com/documents/WilliamWyant-SilentWatchmanPart5.pdf]
[www.newmystics.com/documents/WilliamWyant-SilentWatchmanPart6.pdf]
[www.newmystics.com/documents/WilliamWyant-SilentWatchmanPart7.pdf]
[www.newmystics.com/documents/WilliamWyant-SilentWatchmanPart8.pdf]
[www.newmystics.com/documents/WilliamWyant-SilentWatchmanPart9.pdf]
[www.newmystics.com/lit/WilliamWyant.html]
[www.newmystics.com/images/MarkYoung02.jpg]
[www.newmystics.com/documents/MarkYoung-18Geographies.pdf]
[www.newmystics.com/documents/MarkYoung-Poems.pdf]
[www.newmystics.com/documents/MarkYoung-Poems2.pdf]
[www.newmystics.com/documents/MarkYoung-Poems3.pdf]
[www.newmystics.com/lit/MarkYoung.html]
[www.newmystics.com/images/AliZnaidi-ExperimentalRuminations.jpg]
[www.newmystics.com/lit/AliZnaidi.html]
[www.newmystics.com/documents/AliZnaidi-Poems.pdf]
[www.newmystics.com/images/MONUMENTAL_nmystics1.jpg]
[www.newmystics.com/images/MONUMENTAL_nmystics2.jpg]
[www.newmystics.com/images/MONUMENTAL_nmystics3.jpg]
[www.newmystics.com/images/MONUMENTAL_nmystics4.jpg]
[www.newmystics.com/images/MONUMENTAL_nmystics5.jpg]
[www.newmystics.com/images/MONUMENTAL_nmystics6.jpg]
[www.newmystics.com/images/MONUMENTAL_nmystics7.jpg]
[www.newmystics.com/images/MONUMENTAL_nmystics8.jpg]
[www.newmystics.com/images/MONUMENTAL_nmystics9.jpg]
[www.newmystics.com/images/MONUMENTAL_nmystics10.jpg]
[www.newmystics.com/images/MONUMENTAL_nmystics11.jpg]
[www.newmystics.com/images/MONUMENTAL_nmystics12.jpg]
[www.newmystics.com/images/MONUMENTAL_nmystics13.jpg]
[www.newmystics.com/images/MONUMENTAL_nmystics14.jpg]
[www.newmystics.com/images/MONUMENTAL_nmystics15.jpg]
[www.newmystics.com/images/MONUMENTAL_nmystics16.jpg]
[www.newmystics.com/images/MONUMENTAL_nmystics17.jpg]
[www.newmystics.com/images/MONUMENTAL_nmystics18.jpg]
[www.newmystics.com/images/MONUMENTAL_nmystics19.jpg]
[www.newmystics.com/images/MONUMENTAL_nmystics20.jpg]
[www.newmystics.com/images/MONUMENTAL_nmystics21.jpg]
[www.newmystics.com/images/MONUMENTAL_wallpaperNIGHT800x600.jpg]
[www.newmystics.com/images/MONUMENTAL_wallpaperNIGHT_thumbOPT.jpg]
[www.newmystics.com/images/MONUMENTAL_wallpaperSPACEBROTHERS800x600.jpg]
[www.newmystics.com/images/MONUMENTAL_wallpaperSPACEBROTHERS_thumbOPT.jpg]
[www.newmystics.com/images/MONUMENTAL_wallpaperSUNSET800x600.jpg]
[www.newmystics.com/images/MONUMENTAL_wallpaperSUNSET_thumbOPT.jpg]
[www.newmystics.com/images/MONUMENTAL_wallpaperUFO800x600.jpg]
[www.newmystics.com/images/MONUMENTAL_wallpaperUFO_thumbOPT.jpg]
[www.newmystics.com/lit/NickPendleton_Monumental.html]
[www.newmystics.com/media/CarloMyMentor.mp4.zip]
[www.newmystics.com/media/ALivingWage.m4v.zip]
[www.newmystics.com/images/KnightBerman_275w.jpg]
[www.reverbnation.com/widgets/trk/40/artist_61557/artist_61557/track_51076.gif]
[www.newmystics.com/music/KnightBerman.html]
[www.newmystics.com/images/CraigSonnenfeld2010.jpg]
[www.newmystics.com/music/audio/player.swf]
[www.newmystics.com/images/CraigSonnenfeld-heart_mini.jpg]
[www.newmystics.com/images/CraigSonnenfeld-storm.jpg]
[www.newmystics.com/images/CraigSonnenfeld-reverie.jpg]
[www.newmystics.com/music/CraigSonnenfeld.html]
[www.newmystics.com/visual_art/images/AlCarfagna-CamlannBlue32x22.jpg]
[www.newmystics.com/visual_art/images/AlCarfagna-CamlannBlue300wOPT.jpg]
[www.newmystics.com/visual_art/images/AlCarfagna-CityOfSpirits23x36.jpg]
[www.newmystics.com/visual_art/images/AlCarfagna-CityOfSpirits400wOPT.jpg]
[www.newmystics.com/visual_art/images/AlCarfagna-Waveform23x34.jpg]
[www.newmystics.com/visual_art/images/AlCarfagna-Waveform300wOPT.jpg]
[www.newmystics.com/visual_art/images/AlCarfagna-WaterLeavingForGravity.jpg]
[www.newmystics.com/visual_art/images/AlCarfagna-WaterLeavingForGravity300wOPT.jpg]
[www.newmystics.com/visual_art/images/AlCarfagna-SIP733x44.jpg]
[www.newmystics.com/visual_art/images/AlCarfagna-SIP7400wOPT.jpg]
[www.newmystics.com/visual_art/images/AlCarfagna-SoftUniverse20x37.jpg]
[www.newmystics.com/visual_art/images/AlCarfagna-SoftUniverse400wOPT.jpg]
[www.newmystics.com/visual_art/images/AlCarfagna-Chameleon.jpg]
[www.newmystics.com/visual_art/images/AlCarfagna-Chameleon400wOPT.jpg]
[www.newmystics.com/visual_art/images/AlCarfagna-CharmedParticality.jpg]
[www.newmystics.com/visual_art/images/AlCarfagna-CharmedParticality400wOPT.jpg]
[www.newmystics.com/visual_art/images/AlCarfagna-LosNuevosVidentes23x34.jpg]
[www.newmystics.com/visual_art/images/AlCarfagna-LosNuevosVidentes400wOPT.jpg]
[www.newmystics.com/visual_art/images/AlCarfagna-MortalCoil39x22.jpg]
[www.newmystics.com/visual_art/AlCarfagna.html]
[www.newmystics.com/visual_art/images/AlCarfagna-MortalCoil300wOPT.jpg]
[www.newmystics.com/visual_art/images/HawkAlfredson.jpg]
[www.newmystics.com/visual_art/images/HawkAlfredson-StringbergInAmbergris.jpg]
[www.newmystics.com/visual_art/images/HawkAlfredson-TheFinalTransformingStages.jpg]
[www.newmystics.com/visual_art/images/HawkAlfredson-TheOne-EyedAngelofYourRisingMoon.jpg]
[www.newmystics.com/visual_art/images/HawkAlfredson-TheYougEdvardMunchImitatingaSilentTree.jpg]
[www.newmystics.com/visual_art/images/HawkAlfredson-UFOSurroundedbyCirclings.jpg]
[www.newmystics.com/visual_art/images/HawkAlfredson-StebuklingasDrugelis.jpg]
[www.newmystics.com/visual_art/images/HawkAlfredson-TheDragon'sMreath.jpg]
[www.newmystics.com/visual_art/images/HawkAlfredson-ThymeWhirled.jpg]
[www.newmystics.com/visual_art/images/HawkAlfredson-Yaraia.jpg]
[www.newmystics.com/visual_art/images/HawkAlfredson-ZenStones.jpg]
[www.newmystics.com/visual_art/images/HawkAlfredson-ZenStoneswithSkyscape.jpg]
[www.newmystics.com/visual_art/images/HawkAlfredson-BlueWorldCirclings.jpg]
[www.newmystics.com/visual_art/images/HawkAlfredson-Gypsum.jpg]
[www.newmystics.com/visual_art/images/HawkAlfredson-Iconforanunknownreligion.jpg]
[www.newmystics.com/visual_art/images/HawkAlfredson-NostradamusLastWords.jpg]
[www.newmystics.com/visual_art/images/HawkAlfredson-Oil_Gold.jpg]
[www.newmystics.com/visual_art/images/HawkAlfredson-Soaraurora.jpg]
[www.newmystics.com/visual_art/HawkAlfredson.html]
[www.newmystics.com/visual_art/images/AstridFitzgerald.jpg]
[www.newmystics.com/visual_art/images/AstridFitzgerald-QuantumI857.jpg]
[www.newmystics.com/visual_art/images/AstridFitzgerald-QuantumI857_400w.jpg]
[www.newmystics.com/visual_art/images/AstridFitzgerald-QuantumVII863.jpg]
[www.newmystics.com/visual_art/images/AstridFitzgerald-QuantumVII863_400w.jpg]
[www.newmystics.com/visual_art/images/AstridFitzgerald-QuantumXIX875.jpg]
[www.newmystics.com/visual_art/images/AstridFitzgerald-QuantumXIX875_400w.jpg]
[www.newmystics.com/visual_art/images/AstridFitzgerald-QuantumXV871.jpg]
[www.newmystics.com/visual_art/images/AstridFitzgerald-QuantumXV871_400w.jpg]
[www.newmystics.com/visual_art/images/AstridFitzgerald-QuantumXVIII874.jpg]
[www.newmystics.com/visual_art/images/AstridFitzgerald-QuantumXVIII874_400w.jpg]
[www.newmystics.com/visual_art/images/AstridFitzgerald-QuantumXXII878.jpg]
[www.newmystics.com/visual_art/images/AstridFitzgerald-QuantumXXII878_400w.jpg]
[www.newmystics.com/visual_art/images/AstridFitzgerald-QuantumXXIII879.jpg]
[www.newmystics.com/visual_art/images/AstridFitzgerald-QuantumXXIII879_400w.jpg]
[www.newmystics.com/visual_art/images/AstridFitzgerald-QuantumXXIX890.jpg]
[www.newmystics.com/visual_art/AstridFitzgerald.html]
[www.newmystics.com/visual_art/images/AstridFitzgerald-QuantumXXIX890_400w.jpg]
[www.newmystics.com/visual_art/images/RonaldIsom-CuriositiesOfTheMind_800wOPT.jpg]
[www.newmystics.com/visual_art/images/RonaldIsom-CuriositiesOfTheMind_400wOPT.jpg]
[www.newmystics.com/visual_art/images/RonaldIsom-FlightB_800wOPT.jpg]
[www.newmystics.com/visual_art/images/RonaldIsom-FlightB_400wOPT.jpg]
[www.newmystics.com/visual_art/images/RonaldIsom-HeartOf4thDimensionA_800wOPT.jpg]
[www.newmystics.com/visual_art/images/RonaldIsom-HeartOf4thDimensionA_400wOPT.jpg]
[www.newmystics.com/visual_art/images/RonaldIsom-InTheGarden_800wOPT.jpg]
[www.newmystics.com/visual_art/images/RonaldIsom-InTheGarden_400wOPT.jpg]
[www.newmystics.com/visual_art/images/RonaldIsom-SensualGrowthA_800wOPT.jpg]
[www.newmystics.com/visual_art/images/RonaldIsom-SensualGrowthA_400wOPT.jpg]
[www.newmystics.com/visual_art/images/RonaldIsom-Ship_800wOPT.jpg]
[www.newmystics.com/visual_art/images/RonaldIsom-Ship_400wOPT.jpg]
[www.newmystics.com/visual_art/RonaldIsom.html]
[www.newmystics.com/visual_art/images/ClaudioParentela.jpg]
[www.newmystics.com/visual_art/images/ClaudioParentela_ASSEMBLAGE1_640w.jpg]
[www.newmystics.com/visual_art/images/ClaudioParentela_ASSEMBLAGE1.jpg]
[www.newmystics.com/visual_art/images/ClaudioParentela_ASSEMBLAGE2.jpg]
[www.newmystics.com/visual_art/images/ClaudioParentela_ASSEMBLAGE3.jpg]
[www.newmystics.com/visual_art/images/ClaudioParentela_ASSEMBLAGE4.jpg]
[www.newmystics.com/visual_art/images/ClaudioParentela_ASSEMBLAGE5.jpg]
[www.newmystics.com/visual_art/images/ClaudioParentela_ASSEMBLAGE6.jpg]
[www.newmystics.com/visual_art/images/ClaudioParentela_ASSEMBLAGE7.jpg]
[www.newmystics.com/visual_art/images/ClaudioParentela_ASSEMBLAGE8.jpg]
[www.newmystics.com/visual_art/images/ClaudioParentela_ASSEMBLAGE9.jpg]
[www.newmystics.com/visual_art/images/ClaudioParentela_ASSEMBLAGE10.jpg]
[www.newmystics.com/visual_art/images/ClaudioParentela_ASSEMBLAGE11.jpg]
[www.newmystics.com/visual_art/images/ClaudioParentela_ASSEMBLAGE12.jpg]
[www.newmystics.com/visual_art/images/ClaudioParentela_Ink1.jpg]
[www.newmystics.com/visual_art/images/ClaudioParentela_Ink2.jpg]
[www.newmystics.com/visual_art/images/ClaudioParentela_PAINTING1.jpg]
[www.newmystics.com/visual_art/images/ClaudioParentela_PAINTING2.jpg]
[www.newmystics.com/visual_art/images/ClaudioParentela_PAINTING3.jpg]
[www.newmystics.com/visual_art/images/ClaudioParentela_PAINTING4.jpg]
[www.newmystics.com/visual_art/images/ClaudioParentela_PAINTING5.jpg]
[www.newmystics.com/visual_art/images/ClaudioParentela_PAINTING6.jpg]
[www.newmystics.com/visual_art/ClaudioParentela.html]
[www.newmystics.com/visual_art/images/ClaudioParentela_PAINTING7.jpg]
[www.newmystics.com/visual_art/images/ClaireSmith-Bloom.jpg]
[www.newmystics.com/visual_art/images/ClaireSmith-Bloom400wOPT.jpg]
[www.newmystics.com/visual_art/images/ClaireSmith-DyingBlossom.jpg]
[www.newmystics.com/visual_art/images/ClaireSmith-DyingBlossom300wOPT.jpg]
[www.newmystics.com/visual_art/images/ClaireSmith-DyingTulip.jpg]
[www.newmystics.com/visual_art/images/ClaireSmith-DyingTulip300wOPT.jpg]
[www.newmystics.com/visual_art/images/ClaireSmith-Fritillary.jpg]
[www.newmystics.com/visual_art/images/ClaireSmith-Fritillary400wOPT.jpg]
[www.newmystics.com/visual_art/images/ClaireSmith-OpeningAct.jpg]
[www.newmystics.com/visual_art/images/ClaireSmith-OpeningAct300wOPT.jpg]
[www.newmystics.com/visual_art/images/ClaireSmith-PinkPoppy.jpg]
[www.newmystics.com/visual_art/images/ClaireSmith-PinkPoppy400wOPT.jpg]
[www.newmystics.com/visual_art/images/ClaireSmith-PoppyCentre.jpg]
[www.newmystics.com/visual_art/images/ClaireSmith-PoppyCentre400wOPT.jpg]
[www.newmystics.com/visual_art/images/ClaireSmith-SeeingYellow.jpg]
[www.newmystics.com/visual_art/images/ClaireSmith-SeeingYellow300wOPT.jpg]
[www.newmystics.com/visual_art/images/ClaireSmith-ShockingOrange.jpg]
[www.newmystics.com/visual_art/images/ClaireSmith-ShockingOrange400wOPT.jpg]
[www.newmystics.com/visual_art/images/ClaireSmith-Spiked.jpg]
[www.newmystics.com/visual_art/images/ClaireSmith-Spiked400wOPT.jpg]
[www.newmystics.com/visual_art/images/ClaireSmith-Pittville_Park_Lake_Winter_2009.jpg]
[www.newmystics.com/visual_art/images/ClaireSmith-Pittville_Park_Lake_Winter_2009_400wOPT.jpg]
[www.newmystics.com/visual_art/images/ClaireSmith-Poppy_Sculpture_at_Nature_in_Art_Winter_2009.jpg]
[www.newmystics.com/visual_art/images/ClaireSmith-Poppy_Sculpture_at_Nature_in_Art_Winter_2009_300wOPT.jpg]
[www.newmystics.com/visual_art/images/ClaireSmith-Lily_in_Rezza_Williink_Garden_Devon_Summer_2008.jpg]
[www.newmystics.com/visual_art/images/ClaireSmith-Lily_in_Rezza_Williink_Garden_Devon_Summer_2008_300wOPT.jpg]
[www.newmystics.com/visual_art/images/ClaireSmith-Lake_at_Eastnor_Park_Autumn_2008.jpg]
[www.newmystics.com/visual_art/images/ClaireSmith-Lake_at_Eastnor_Park_Autumn_2008_300wOPT.jpg]
[www.newmystics.com/visual_art/images/ClaireSmith-Folly_in_Gloucester_Winter_2009.jpg]
[www.newmystics.com/visual_art/images/ClaireSmith-Folly_in_Gloucester_Winter_2009_300wOPT.jpg]
[www.newmystics.com/visual_art/images/ClaireSmith-Colonnade_at_Rococo_Gardens_in_Painswick_Winter_2009.jpg]
[www.newmystics.com/visual_art/images/ClaireSmith-Colonnade_at_Rococo_Gardens_in_Painswick_Winter_2009_400wOPT.jpg]
[www.newmystics.com/visual_art/ClaireSmith.html]
[www.newmystics.com/images/aunt_annette_OPT.jpg]
[www.newmystics.com/tributes_annette_becker.html]
[www.newmystics.com/images/gerry_cullity_OPT.jpg]
[www.newmystics.com/tributes_gerry_cullity.html]
[www.newmystics.com/images/joeyropic.jpg]
[www.newmystics.com/images/joeyropic2.jpg]
[www.newmystics.com/tributes_ro_guiley.html]
[www.newmystics.com/images/marc_orlow_OPT.jpg]
[www.newmystics.com/tributes_marc_orlow.html]
[www.newmystics.com/joey/images/Joey_playwright300wOPT.jpg]
[www.newmystics.com/joey/playwriting.html]
[www.newmystics.com/joey/audio/audio-player.js]
[www.newmystics.com/lit/JohnGartland-JohnWilson.html]
[www.newmystics.com/theatre.html]
[www.newmystics.com/emerging.html]
[www.newmystics.com/lit/simple_style.css]
[www.newmystics.com/images/EdBaker-BlossomPouting_500wOPT.jpg]
[www.newmystics.com/images/EdBaker-ButterflySomeWind_500wOPT.jpg]
[www.newmystics.com/images/EdBaker-DarkAbode2.jpg]
[www.newmystics.com/images/EdBaker-FullMoonDancing_500wOPT.jpg]
[www.newmystics.com/images/EdBaker-HathorDancingWoman_500wOPT.jpg]
[www.newmystics.com/lit/EdBaker_art.html]
[www.newmystics.com/documents/ClaudiaBeechman-CapeMayEssay.html]
[www.newmystics.com/documents/JohnGartland-LazarusInLizardville_Pt9.html]
[www.newmystics.com/lit/joshuamartinwriting.blogspot.html]
[www.newmystics.com/music/simple_style.css]
[www.newmystics.com/music/audio/audio-player.js]
[www.newmystics.com/visual_art/simple_style.css]
[counters.gigya.com/wildfire/IMP/CXNID=2000002.0NXC/bT_xJmx_PTEyNjY3ODk_OTIwMDMmcHQ9MTI2Njc4OTUwMDc/YjQzNjE_OTJjMDI2NDE5M2IzZDM1ZmM3MWU2MmVlYTEmb2Y9MA==.gif]
